[0.039s] Invoking command in '/home/cassilas/ros2_ws/src/person_msgs/build/person_msgs': /usr/bin/cmake /home/cassilas/ros2_ws/src/person_msgs -DCMAKE_INSTALL_PREFIX=/home/cassilas/ros2_ws/src/person_msgs/install/person_msgs
[0.155s] -- The C compiler identification is GNU 11.4.0
[0.433s] -- The CXX compiler identification is GNU 11.4.0
[0.581s] -- Detecting C compiler ABI info
[0.668s] -- Detecting C compiler ABI info - done
[0.673s] -- Check for working C compiler: /usr/bin/cc - skipped
[0.673s] -- Detecting C compile features
[0.673s] -- Detecting C compile features - done
[0.675s] -- Detecting CXX compiler ABI info
[0.765s] -- Detecting CXX compiler ABI info - done
[0.770s] -- Check for working CXX compiler: /usr/bin/c++ - skipped
[0.770s] -- Detecting CXX compile features
[0.770s] -- Detecting CXX compile features - done
[0.773s] -- Found ament_cmake: 1.3.6 (/opt/ros/humble/share/ament_cmake/cmake)
[0.997s] -- Found Python3: /usr/bin/python3.10 (found version "3.10.12") found components: Interpreter 
[1.051s] -- Found rosidl_default_generators: 1.2.0 (/opt/ros/humble/share/rosidl_default_generators/cmake)
[1.053s] -- Using all available rosidl_typesupport_c: rosidl_typesupport_fastrtps_c;rosidl_typesupport_introspection_c
[1.056s] -- Found rosidl_adapter: 3.1.5 (/opt/ros/humble/share/rosidl_adapter/cmake)
[1.134s] -- Using all available rosidl_typesupport_cpp: rosidl_typesupport_fastrtps_cpp;rosidl_typesupport_introspection_cpp
[1.265s] Error parsing '/home/cassilas/ros2_ws/src/person_msgs/package.xml':
[1.293s] Traceback (most recent call last):
[1.293s]   File "/usr/lib/python3/dist-packages/catkin_pkg/package.py", line 610, in parse_package_string
[1.294s]     root = dom.parseString(data)
[1.294s]   File "/usr/lib/python3.10/xml/dom/minidom.py", line 2000, in parseString
[1.294s]     return expatbuilder.parseString(string)
[1.294s]   File "/usr/lib/python3.10/xml/dom/expatbuilder.py", line 925, in parseString
[1.294s]     return builder.parseString(string)
[1.294s]   File "/usr/lib/python3.10/xml/dom/expatbuilder.py", line 223, in parseString
[1.294s]     parser.Parse(string, True)
[1.294s] xml.parsers.expat.ExpatError: mismatched tag: line 21, column 2
[1.294s] 
[1.294s] During handling of the above exception, another exception occurred:
[1.294s] 
[1.294s] Traceback (most recent call last):
[1.294s]   File "/opt/ros/humble/share/ament_cmake_core/cmake/core/package_xml_2_cmake.py", line 150, in <module>
[1.294s]     main()
[1.294s]   File "/opt/ros/humble/share/ament_cmake_core/cmake/core/package_xml_2_cmake.py", line 53, in main
[1.294s]     raise e
[1.294s]   File "/opt/ros/humble/share/ament_cmake_core/cmake/core/package_xml_2_cmake.py", line 49, in main
[1.294s]     package = parse_package_string(
[1.294s]   File "/usr/lib/python3/dist-packages/catkin_pkg/package.py", line 612, in parse_package_string
[1.294s]     raise InvalidPackage('The manifest contains invalid XML:\n%s' % ex, filename)
[1.294s] catkin_pkg.package.InvalidPackage: Error(s) in package '/home/cassilas/ros2_ws/src/person_msgs/package.xml':
[1.294s] The manifest contains invalid XML:
[1.294s] mismatched tag: line 21, column 2
[1.304s] [31mCMake Error at /opt/ros/humble/share/ament_cmake_core/cmake/core/ament_package_xml.cmake:95 (message):
[1.304s]   execute_process(/usr/bin/python3.10
[1.304s]   /opt/ros/humble/share/ament_cmake_core/cmake/core/package_xml_2_cmake.py
[1.304s]   /home/cassilas/ros2_ws/src/person_msgs/package.xml
[1.304s]   /home/cassilas/ros2_ws/src/person_msgs/build/person_msgs/ament_cmake_core/package.cmake)
[1.304s]   returned error code 1
[1.304s] Call Stack (most recent call first):
[1.304s]   /opt/ros/humble/share/ament_cmake_core/cmake/core/ament_package_xml.cmake:49 (_ament_package_xml)
[1.304s]   /opt/ros/humble/share/rosidl_cmake/cmake/rosidl_generate_interfaces.cmake:226 (ament_package_xml)
[1.304s]   CMakeLists.txt:11 (rosidl_generate_interfaces)
[1.304s] 
[1.304s] [0m
[1.304s] -- Configuring incomplete, errors occurred!
[1.304s] See also "/home/cassilas/ros2_ws/src/person_msgs/build/person_msgs/CMakeFiles/CMakeOutput.log".
[1.309s] Invoked command in '/home/cassilas/ros2_ws/src/person_msgs/build/person_msgs' returned '1': /usr/bin/cmake /home/cassilas/ros2_ws/src/person_msgs -DCMAKE_INSTALL_PREFIX=/home/cassilas/ros2_ws/src/person_msgs/install/person_msgs
